Microchip MPLAB XC8 Compiler V2.36

Linker command line:

-W-3 --edf=C:\Program Files\Microchip\xc8\v2.36\pic\dat\en_msgs.txt -cn \
  -h+dist/default/production\seguridad.X.production.sym \
  --cmf=dist/default/production\seguridad.X.production.cmf -z -Q16F887 \
  -oC:\Users\danie\AppData\Local\Temp\xcAs7ic.4 --defsym=__MPLAB_BUILD=1 \
  -Mdist/default/production/seguridad.X.production.map \
  --md=C:\Users\danie\AppData\Local\Temp\xcAs7ic.dat -E1 -ver=XC8 Compiler \
  --acfsm=1493 -ACODE=00h-07FFhx4 -ASTRCODE=00h-01FFFh -ASTRING=00h-0FFhx32 \
  -ACONST=00h-0FFhx32 -AENTRY=00h-0FFhx32 -ACOMMON=070h-07Fh \
  -ABANK0=020h-06Fh -ABANK1=0A0h-0EFh -ABANK2=0110h-016Fh \
  -ABANK3=0190h-01EFh -ARAM=020h-06Fh,0A0h-0EFh,0110h-016Fh,0190h-01EFh \
  -AABS1=020h-07Fh,0A0h-0EFh,0110h-016Fh,0190h-01EFh -ASFR0=00h-01Fh \
  -ASFR1=080h-09Fh -ASFR2=0100h-010Fh -ASFR3=0180h-018Fh \
  -ACONFIG=02007h-02008h -DCONFIG=2 -AIDLOC=02000h-02003h -DIDLOC=2 \
  -AEEDATA=00h-0FFh/02100h -peeprom_data=EEDATA -DEEDATA=2 -DCODE=2 \
  -DSTRCODE=2 -DSTRING=2 -DCONST=2 -DENTRY=2 \
  -preset_vec=00h,intentry,init,end_init -ppowerup=CODE -pcinit=CODE \
  -pfunctab=ENTRY -k C:\Users\danie\AppData\Local\Temp\xcAs7ic.o \
  dist/default/production\seguridad.X.production.o 

Object code version is 3.11

Machine type is 16F887



                Name                               Link     Load   Length Selector   Space Scale
C:\Users\danie\AppData\Local\Temp\xcAs7ic.o
                end_init                              0        0        3        0       0
                config                             2007     2007        2        0       4
dist/default/production\seguridad.X.production.o
                cinit                               7DC      7DC       24      FB8       0
                config                             2007     2007        2        0       4
                text28                                3        3       15        0       0
                text27                             14C0     14C0       3D     2980       0
                text26                             141A     141A       36     2834       0
                text25                             12FF     12FF       10     25FE       0
                text24                             13BC     13BC       2A     2778       0
                text23                             1450     1450       36     28A0       0
                text22                             131F     131F       17     263E       0
                text21                             136E     136E       27     26DC       0
                text20                             16A9     16A9       9D     2D52       0
                text19                             14FD     14FD       44     29FA       0
                text18                             12F5     12F5        A     25EA       0
                text17                             1336     1336       17     266C       0
                text16                              B9B      B9B      1DD     1736       0
                text15                             162F     162F       7A     2C5E       0
                text14                               18       18       A2       30       0
                text13                             1746     1746       BA     2E8C       0
                text12                              D78      D78      288     1AF0       0
                text11                             1395     1395       27     272A       0
                text10                               BA       BA      361      174       0
                text9                               872      872       DA     10E4       0
                text8                              1585     1585       4E     2B0A       0
                text7                              15D3     15D3       5C     2BA6       0
                text6                               A4F      A4F      14C     149E       0
                text5                              1541     1541       44     2A82       0
                text4                              1486     1486       3A     290C       0
                text3                               94C      94C      103     1298       0
                text2                              13E6     13E6       34     27CC       0
                text1                              134D     134D       21     269A       0
                maintext                            41B      41B      3C1      836       0
                cstackBANK0                          20       20       4E       20       1
                cstackCOMMON                         70       70        E       70       1
                cstackBANK1                          A0       A0       2D       A0       1
                clrtext                            12ED     12ED        8     25DA       0
                inittext                            85F      85F       13     10BE       0
                dataBANK3                           1B0      1B0       10      190       1
                bssBANK3                            190      190       20      190       1
                bssBANK1                             CD       CD       17       A0       1
                bssBANK0                             6E       6E        1       20       1
                strings                             800      800       5E     1000       0
                idataBANK3                         130F     130F       10     261E       0

TOTAL           Name                               Link     Load   Length     Space
        CLASS   CODE           
                end_init                              0        0        3         0
                cinit                               7DC      7DC       24         0
                text28                                3        3       15         0
                text27                             14C0     14C0       3D         0
                text26                             141A     141A       36         0
                text25                             12FF     12FF       10         0
                text24                             13BC     13BC       2A         0
                text23                             1450     1450       36         0
                text22                             131F     131F       17         0
                text21                             136E     136E       27         0
                text20                             16A9     16A9       9D         0
                text19                             14FD     14FD       44         0
                text18                             12F5     12F5        A         0
                text17                             1336     1336       17         0
                text16                              B9B      B9B      1DD         0
                text15                             162F     162F       7A         0
                text14                               18       18       A2         0
                text13                             1746     1746       BA         0
                text12                              D78      D78      288         0
                text11                             1395     1395       27         0
                text10                               BA       BA      361         0
                text9                               872      872       DA         0
                text8                              1585     1585       4E         0
                text7                              15D3     15D3       5C         0
                text6                               A4F      A4F      14C         0
                text5                              1541     1541       44         0
                text4                              1486     1486       3A         0
                text3                               94C      94C      103         0
                text2                              13E6     13E6       34         0
                text1                              134D     134D       21         0
                maintext                            41B      41B      3C1         0
                clrtext                            12ED     12ED        8         0
                inittext                            85F      85F       13         0
                idataBANK3                         130F     130F       10         0

        CLASS   STRCODE        

        CLASS   STRING         
                strings                             800      800       5E         0

        CLASS   CONST          

        CLASS   ENTRY          

        CLASS   COMMON         
                cstackCOMMON                         70       70        E         1

        CLASS   BANK0          
                cstackBANK0                          20       20       4E         1
                bssBANK0                             6E       6E        1         1

        CLASS   BANK1          
                cstackBANK1                          A0       A0       2D         1
                bssBANK1                             CD       CD       17         1

        CLASS   BANK2          

        CLASS   BANK3          
                dataBANK3                           1B0      1B0       10         1
                bssBANK3                            190      190       20         1

        CLASS   RAM            

        CLASS   ABS1           
                abs_s1                               7E       7E        2         1

        CLASS   SFR0           

        CLASS   SFR1           

        CLASS   SFR2           

        CLASS   SFR3           

        CLASS   CONFIG         
                config                             2007     2007        2         4

        CLASS   IDLOC          

        CLASS   EEDATA         

        CLASS   STACK          



SEGMENTS        Name                           Load    Length   Top    Selector   Space  Class     Delta

                reset_vec                      000000  000018  000018         0       0  CODE        2
                cstackBANK0                    000020  00004F  00006F        20       1  BANK0       1
                text14                         000018  0000A2  0000BA        30       0  CODE        2
                cstackCOMMON                   000070  00000E  00007E        70       1  COMMON      1
                cstackBANK1                    0000A0  000044  0000E4        A0       1  BANK1       1
                text10                         0000BA  000361  00041B       174       0  CODE        2
                bssBANK3                       000190  000030  0001C0       190       1  BANK3       1
                maintext                       00041B  0003C1  0007DC       836       0  CODE        2
                cinit                          0007DC  000024  000800       FB8       0  CODE        2
                strings                        000800  00005E  00085E      1000       0  STRING      2
                inittext                       00085F  000013  000872      10BE       0  CODE        2
                text9                          000872  0000DA  00094C      10E4       0  CODE        2
                text3                          00094C  000103  000A4F      1298       0  CODE        2
                text6                          000A4F  00014C  000B9B      149E       0  CODE        2
                text16                         000B9B  0001DD  000D78      1736       0  CODE        2
                text12                         000D78  000288  001000      1AF0       0  CODE        2
                clrtext                        0012ED  000008  0012F5      25DA       0  CODE        2
                text18                         0012F5  00000A  0012FF      25EA       0  CODE        2
                text25                         0012FF  000010  00130F      25FE       0  CODE        2
                idataBANK3                     00130F  000010  00131F      261E       0  CODE        2
                text22                         00131F  000017  001336      263E       0  CODE        2
                text17                         001336  000017  00134D      266C       0  CODE        2
                text1                          00134D  000021  00136E      269A       0  CODE        2
                text21                         00136E  000027  001395      26DC       0  CODE        2
                text11                         001395  000027  0013BC      272A       0  CODE        2
                text24                         0013BC  00002A  0013E6      2778       0  CODE        2
                text2                          0013E6  000034  00141A      27CC       0  CODE        2
                text26                         00141A  000036  001450      2834       0  CODE        2
                text23                         001450  000036  001486      28A0       0  CODE        2
                text4                          001486  00003A  0014C0      290C       0  CODE        2
                text27                         0014C0  00003D  0014FD      2980       0  CODE        2
                text19                         0014FD  000044  001541      29FA       0  CODE        2
                text5                          001541  000044  001585      2A82       0  CODE        2
                text8                          001585  00004E  0015D3      2B0A       0  CODE        2
                text7                          0015D3  00005C  00162F      2BA6       0  CODE        2
                text15                         00162F  00007A  0016A9      2C5E       0  CODE        2
                text20                         0016A9  00009D  001746      2D52       0  CODE        2
                text13                         001746  0000BA  001800      2E8C       0  CODE        2


UNUSED ADDRESS RANGES

        Name                Unused          Largest block    Delta
        BANK0            006F-006F              1           1
        BANK1            00E4-00EF              C           1
        BANK2            0110-016F             60           1
        BANK3            01C0-01EF             30           1
        CODE             085E-085E              1           2
                         1000-12EC            2ED
                         1800-1FFF            800
        CONST            085E-085E              1           2
                         1000-12EC            100
                         1800-1FFF            100
        EEDATA           2100-21FF            100           2
        ENTRY            085E-085E              1           2
                         1000-12EC            100
                         1800-1FFF            100
        IDLOC            2000-2003              4           2
        RAM              006F-006F              1           1
                         00E4-00EF              C
                         0110-016F             60
                         01C0-01EF             30
        SFR0             0000-001F             20           1
        SFR1             0080-009F             20           1
        SFR2             0100-010F             10           1
        SFR3             0180-018F             10           1
        STRCODE          085E-085E              1           2
                         1000-12EC            2ED
                         1800-1FFF            800
        STRING           085E-085E              1           2
                         1000-12EC            100
                         1800-1FFF            100

                                  Symbol Table

?_ADC_Read                cstackCOMMON 0070
?__Umul8_16               cstackCOMMON 0070
?___aldiv                 cstackCOMMON 0070
?___fladd                 cstackBANK0  0059
?___fldiv                 cstackBANK0  003F
?___flmul                 cstackBANK0  0025
?___fltol                 cstackCOMMON 0070
?___lwdiv                 cstackCOMMON 0070
?___lwmod                 cstackCOMMON 0078
?___xxtofl                cstackCOMMON 0070
?_eval_poly               cstackBANK1  00A0
?_frexp                   cstackBANK0  0020
?_log                     cstackBANK1  00B0
?_sprintf                 cstackBANK0  0020
ADC_Read@channel          cstackCOMMON 0070
ADC_Read@digital          cstackCOMMON 0075
LCD_Char@dat              cstackCOMMON 0072
LCD_Command@cmd           cstackCOMMON 0072
LCD_String@msg            cstackCOMMON 0074
LCD_String_xy@location    cstackCOMMON 0079
LCD_String_xy@msg         cstackCOMMON 0076
LCD_String_xy@pos         cstackCOMMON 0075
LCD_String_xy@row         cstackCOMMON 0078
USART_Init@baud_rate      cstackBANK0  0026
USART_SendString@out      cstackCOMMON 0072
USART_TxChar@out          cstackCOMMON 0070
_ADCON0                   (abs)        001F
_ADCON0bits               (abs)        001F
_ADCON1bits               (abs)        009F
_ADC_Init                 text28       0003
_ADC_Read                 text27       14C0
_ADON                     (abs)        00F8
_ADRESH                   (abs)        001E
_ADRESL                   (abs)        009E
_ANSEL                    (abs)        0188
_CREN                     (abs)        00C4
_Fila1                    bssBANK3     01A0
_Fila2                    bssBANK3     0190
_GO                       (abs)        00F9
_Humedad                  bssBANK1     00DB
_LCD_Char                 text23       1450
_LCD_Clear                text25       12FF
_LCD_Command              text26       141A
_LCD_Init                 text24       13BC
_LCD_String               text22       131F
_LCD_String_xy            text21       136E
_Luz                      bssBANK1     00E3
_OPTION_REGbits           (abs)        0081
_OSCCON                   (abs)        008F
_PORTB                    (abs)        0006
_PORTD                    (abs)        0008
_PORTDbits                (abs)        0008
_PORTEbits                (abs)        0009
_RCIF                     (abs)        0065
_RCREG                    (abs)        001A
_RCSTA                    (abs)        0018
_RCSTAbits                (abs)        0018
_SPBRG                    (abs)        0099
_Sensor_Humedad           bssBANK1     00D3
_Sensor_Luz               bssBANK1     00CD
_Sensor_Temperatura       bssBANK1     00D7
_TRISA0                   (abs)        0428
_TRISA1                   (abs)        0429
_TRISA2                   (abs)        042A
_TRISB                    (abs)        0086
_TRISC6                   (abs)        043E
_TRISC7                   (abs)        043F
_TRISD                    (abs)        0088
_TRISE                    (abs)        0089
_TXIF                     (abs)        0064
_TXREG                    (abs)        0019
_TXSTA                    (abs)        0098
_Temperatura              bssBANK1     00DF
_USART_Init               text19       14FD
_USART_Init$1094          cstackCOMMON 0079
_USART_SendString         text17       1336
_USART_TxChar             text18       12F5
__Habs1                   abs1         0000
__Hbank0                  bank0        0000
__Hbank1                  bank1        0000
__Hbank2                  bank2        0000
__Hbank3                  bank3        0000
__HbssBANK0               bssBANK0     0000
__HbssBANK1               bssBANK1     0000
__HbssBANK3               bssBANK3     0000
__Hcinit                  cinit        0800
__Hclrtext                clrtext      0000
__Hcode                   code         0000
__Hcommon                 common       0000
__Hconfig                 config       2009
__HcstackBANK0            cstackBANK0  0000
__HcstackBANK1            cstackBANK1  0000
__HcstackCOMMON           cstackCOMMON 0000
__HdataBANK3              dataBANK3    0000
__Heeprom_data            eeprom_data  0000
__Hend_init               end_init     0003
__Hfunctab                functab      0000
__HidataBANK3             idataBANK3   0000
__Hinit                   init         0000
__Hinittext               inittext     0000
__Hintentry               intentry     0000
__Hmaintext               maintext     0000
__Hpowerup                powerup      0000
__Hram                    ram          0000
__Hreset_vec              reset_vec    0000
__Hsfr0                   sfr0         0000
__Hsfr1                   sfr1         0000
__Hsfr2                   sfr2         0000
__Hsfr3                   sfr3         0000
__Hspace_0                (abs)        1800
__Hspace_1                (abs)        01C0
__Hspace_2                (abs)        0000
__Hspace_3                (abs)        0000
__Hspace_4                (abs)        4010
__Hstack                  stack        0000
__Hstrings                strings      0000
__Htext                   text         0000
__Labs1                   abs1         0000
__Lbank0                  bank0        0000
__Lbank1                  bank1        0000
__Lbank2                  bank2        0000
__Lbank3                  bank3        0000
__LbssBANK0               bssBANK0     0000
__LbssBANK1               bssBANK1     0000
__LbssBANK3               bssBANK3     0000
__Lcinit                  cinit        07DC
__Lclrtext                clrtext      0000
__Lcode                   code         0000
__Lcommon                 common       0000
__Lconfig                 config       0000
__LcstackBANK0            cstackBANK0  0000
__LcstackBANK1            cstackBANK1  0000
__LcstackCOMMON           cstackCOMMON 0000
__LdataBANK3              dataBANK3    0000
__Leeprom_data            eeprom_data  0000
__Lend_init               end_init     0000
__Lfunctab                functab      0000
__LidataBANK3             idataBANK3   0000
__Linit                   init         0000
__Linittext               inittext     0000
__Lintentry               intentry     0000
__Lmaintext               maintext     0000
__Lpowerup                powerup      0000
__Lram                    ram          0000
__Lreset_vec              reset_vec    0000
__Lsfr0                   sfr0         0000
__Lsfr1                   sfr1         0000
__Lsfr2                   sfr2         0000
__Lsfr3                   sfr3         0000
__Lspace_0                (abs)        0000
__Lspace_1                (abs)        0000
__Lspace_2                (abs)        0000
__Lspace_3                (abs)        0000
__Lspace_4                (abs)        0000
__Lstack                  stack        0000
__Lstrings                strings      0000
__Ltext                   text         0000
__S0                      (abs)        1800
__S1                      (abs)        01C0
__S3                      (abs)        0000
__Umul8_16                text11       1395
__Umul8_16@multiplicand   cstackCOMMON 0070
__Umul8_16@multiplier     cstackCOMMON 0078
__Umul8_16@product        cstackCOMMON 0074
__Umul8_16@word_mpld      cstackCOMMON 0076
___aldiv                  text20       16A9
___aldiv@counter          cstackBANK0  0020
___aldiv@dividend         cstackCOMMON 0074
___aldiv@divisor          cstackCOMMON 0070
___aldiv@quotient         cstackBANK0  0022
___aldiv@sign             cstackBANK0  0021
___fladd                  text12       0D78
___fladd@a                cstackBANK0  005D
___fladd@aexp             cstackBANK0  006A
___fladd@b                cstackBANK0  0059
___fladd@bexp             cstackBANK0  006B
___fladd@grs              cstackBANK0  006C
___fladd@signs            cstackBANK0  0069
___fldiv                  text16       0B9B
___fldiv@a                cstackBANK0  003F
___fldiv@aexp             cstackBANK0  0058
___fldiv@b                cstackBANK0  0043
___fldiv@bexp             cstackBANK0  0057
___fldiv@grs              cstackBANK0  0053
___fldiv@new_exp          cstackBANK0  0051
___fldiv@rem              cstackBANK0  004C
___fldiv@sign             cstackBANK0  0050
___fleq                   text8        1585
___fleq@ff1               cstackCOMMON 0070
___fleq@ff2               cstackCOMMON 0074
___flge                   text14       0018
___flge@ff1               cstackCOMMON 0070
___flge@ff2               cstackCOMMON 0074
___flmul                  text10       00BA
___flmul@a                cstackBANK0  0029
___flmul@aexp             cstackBANK0  0037
___flmul@b                cstackBANK0  0025
___flmul@bexp             cstackBANK0  0038
___flmul@grs              cstackBANK0  0033
___flmul@prod             cstackBANK0  0039
___flmul@sign             cstackBANK0  0032
___flmul@temp             cstackBANK0  003D
___fltol                  text15       162F
___fltol@exp1             cstackCOMMON 007A
___fltol@f1               cstackCOMMON 0070
___fltol@sign1            cstackCOMMON 0079
___int_sp                 stack        0000
___latbits                (abs)        0002
___lwdiv                  text5        1541
___lwdiv@counter          cstackCOMMON 0077
___lwdiv@dividend         cstackCOMMON 0072
___lwdiv@divisor          cstackCOMMON 0070
___lwdiv@quotient         cstackCOMMON 0075
___lwmod                  text4        1486
___lwmod@counter          cstackCOMMON 007D
___lwmod@dividend         cstackCOMMON 007A
___lwmod@divisor          cstackCOMMON 0078
___sp                     stack        0000
___stackhi                (abs)        0000
___stacklo                (abs)        0000
___xxtofl                 text13       1746
___xxtofl@arg             cstackCOMMON 007A
___xxtofl@exp             cstackCOMMON 0079
___xxtofl@sign            cstackCOMMON 0078
___xxtofl@val             cstackCOMMON 0070
__end_of_ADC_Init         text28       0018
__end_of_ADC_Read         text27       14FD
__end_of_LCD_Char         text23       1486
__end_of_LCD_Clear        text25       130F
__end_of_LCD_Command      text26       1450
__end_of_LCD_Init         text24       13E6
__end_of_LCD_String       text22       1336
__end_of_LCD_String_xy    text21       1395
__end_of_USART_Init       text19       1541
__end_of_USART_SendString text17       134D
__end_of_USART_TxChar     text18       12FF
__end_of__Umul8_16        text11       13BC
__end_of___aldiv          text20       1746
__end_of___fladd          text12       1000
__end_of___fldiv          text16       0D78
__end_of___fleq           text8        15D3
__end_of___flge           text14       00BA
__end_of___flmul          text10       041B
__end_of___fltol          text15       16A9
__end_of___lwdiv          text5        1585
__end_of___lwmod          text4        14C0
__end_of___xxtofl         text13       1800
__end_of__initialization  cinit        07FC
__end_of__stringtab       strings      0810
__end_of_dpowers          strings      081A
__end_of_eval_poly        text9        094C
__end_of_frexp            text7        162F
__end_of_log              text6        0B9B
__end_of_main             maintext     07DC
__end_of_sprintf          text3        0A4F
__end_of_strcat           text2        141A
__end_of_strcpy           text1        136E
__end_oflog@coeff         strings      083E
__initialization          cinit        07DC
__pbssBANK0               bssBANK0     006E
__pbssBANK1               bssBANK1     00CD
__pbssBANK3               bssBANK3     0190
__pcstackBANK0            cstackBANK0  0020
__pcstackBANK1            cstackBANK1  00A0
__pcstackCOMMON           cstackCOMMON 0070
__pdataBANK3              dataBANK3    01B0
__pidataBANK3             idataBANK3   130F
__pmaintext               maintext     041B
__pstrings                strings      0800
__ptext1                  text1        134D
__ptext10                 text10       00BA
__ptext11                 text11       1395
__ptext12                 text12       0D78
__ptext13                 text13       1746
__ptext14                 text14       0018
__ptext15                 text15       162F
__ptext16                 text16       0B9B
__ptext17                 text17       1336
__ptext18                 text18       12F5
__ptext19                 text19       14FD
__ptext2                  text2        13E6
__ptext20                 text20       16A9
__ptext21                 text21       136E
__ptext22                 text22       131F
__ptext23                 text23       1450
__ptext24                 text24       13BC
__ptext25                 text25       12FF
__ptext26                 text26       141A
__ptext27                 text27       14C0
__ptext28                 text28       0003
__ptext3                  text3        094C
__ptext4                  text4        1486
__ptext5                  text5        1541
__ptext6                  text6        0A4F
__ptext7                  text7        15D3
__ptext8                  text8        1585
__ptext9                  text9        0872
__stringbase              strings      080F
__stringtab               strings      0800
_dpowers                  strings      0810
_errno                    bssBANK1     00D1
_eval_poly                text9        0872
_frexp                    text7        15D3
_log                      text6        0A4F
_main                     maintext     041B
_main$1091                cstackBANK1  00BD
_main$1092                cstackBANK1  00C1
_main$1093                cstackBANK1  00C5
_sprintf                  text3        094C
_strcat                   text2        13E6
_strcpy                   text1        134D
btemp                     (abs)        007E
clear_ram0                clrtext      12ED
end_of_initialization     cinit        07FC
eval_poly@d               cstackBANK1  00A4
eval_poly@n               cstackBANK1  00A5
eval_poly@res             cstackBANK1  00AC
eval_poly@x               cstackBANK1  00A0
frexp@eptr                cstackBANK0  0024
frexp@value               cstackBANK0  0020
init_fetch0               inittext     085F
init_ram0                 inittext     0863
intlevel0                 functab      0000
intlevel1                 functab      0000
intlevel2                 functab      0000
intlevel3                 functab      0000
intlevel4                 functab      0000
intlevel5                 functab      0000
keypad_getkey@F1296       dataBANK3    01B0
log@coeff                 strings      081A
log@exponent              cstackBANK1  00B4
log@x                     cstackBANK1  00B0
main@Porcentaje_Humedad   cstackBANK1  00B9
main@Valor_Temperatura    cstackBANK1  00C9
reset_vec                 reset_vec    0000
sprintf@ap                cstackBANK0  002A
sprintf@c                 cstackBANK0  002E
sprintf@f                 cstackBANK0  0020
sprintf@flag              cstackBANK0  0028
sprintf@prec              cstackBANK0  0029
sprintf@sp                cstackBANK0  002D
sprintf@val               cstackBANK0  002B
start                     init         0000
start_initialization      cinit        07DC
strcat@cp                 cstackCOMMON 0074
strcat@from               cstackCOMMON 0070
strcat@to                 cstackCOMMON 0073
strcpy@cp                 cstackCOMMON 0072
strcpy@from               cstackCOMMON 0070
strcpy@to                 cstackCOMMON 0073
wtemp0                    (abs)        007E


MODULE INFORMATION

Module		Function		Class		Link	Load	Size
C:\Program Files\Microchip\xc8\v2.36\pic\sources\c90\common\doprnt.c
		_sprintf       		CODE           	094C	0000	259

C:\Program Files\Microchip\xc8\v2.36\pic\sources\c90\common\doprnt.c estimated size: 259

C:\Program Files\Microchip\xc8\v2.36\pic\sources\c90\common\lwmod.c
		___lwmod       		CODE           	1486	0000	58

C:\Program Files\Microchip\xc8\v2.36\pic\sources\c90\common\lwmod.c estimated size: 58

uart.c
		_USART_TxChar  		CODE           	12F5	0000	10
		_USART_SendString		CODE           	1336	0000	23
		_USART_Init    		CODE           	14FD	0000	68

uart.c estimated size: 101

C:\Program Files\Microchip\xc8\v2.36\pic\sources\c90\common\frexp.c
		_frexp         		CODE           	15D3	0000	92

C:\Program Files\Microchip\xc8\v2.36\pic\sources\c90\common\frexp.c estimated size: 92

C:\Program Files\Microchip\xc8\v2.36\pic\sources\c90\common\fleq.c
		___fleq        		CODE           	1585	0000	78

C:\Program Files\Microchip\xc8\v2.36\pic\sources\c90\common\fleq.c estimated size: 78

C:\Program Files\Microchip\xc8\v2.36\pic\sources\c90\common\lwdiv.c
		___lwdiv       		CODE           	1541	0000	68

C:\Program Files\Microchip\xc8\v2.36\pic\sources\c90\common\lwdiv.c estimated size: 68

C:\Program Files\Microchip\xc8\v2.36\pic\sources\c90\common\sprcmul.c
		___flmul       		CODE           	00BA	0000	865

C:\Program Files\Microchip\xc8\v2.36\pic\sources\c90\common\sprcmul.c estimated size: 865

adc.c
		_ADC_Read      		CODE           	14C0	0000	61
		_ADC_Init      		CODE           	0003	0000	21

adc.c estimated size: 82

C:\Program Files\Microchip\xc8\v2.36\pic\sources\c90\common\fltol.c
		___fltol       		CODE           	162F	0000	122

C:\Program Files\Microchip\xc8\v2.36\pic\sources\c90\common\fltol.c estimated size: 122

C:\Program Files\Microchip\xc8\v2.36\pic\sources\c90\common\sprcdiv.c
		___fldiv       		CODE           	0B9B	0000	477

C:\Program Files\Microchip\xc8\v2.36\pic\sources\c90\common\sprcdiv.c estimated size: 477

C:\Program Files\Microchip\xc8\v2.36\pic\sources\c90\common\aldiv.c
		___aldiv       		CODE           	16A9	0000	157

C:\Program Files\Microchip\xc8\v2.36\pic\sources\c90\common\aldiv.c estimated size: 157

shared
		__stringtab    		STRING         	0800	0000	16
		_dpowers       		STRING         	0810	0000	10
		__initialization		CODE           	07DC	0000	32
		log@coeff      		STRING         	081A	0000	36

shared estimated size: 94

C:\Program Files\Microchip\xc8\v2.36\pic\sources\c90\common\strcat.c
		_strcat        		CODE           	13E6	0000	52

C:\Program Files\Microchip\xc8\v2.36\pic\sources\c90\common\strcat.c estimated size: 52

C:\Program Files\Microchip\xc8\v2.36\pic\sources\c90\common\evalpoly.c
		_eval_poly     		CODE           	0872	0000	218

C:\Program Files\Microchip\xc8\v2.36\pic\sources\c90\common\evalpoly.c estimated size: 218

C:\Program Files\Microchip\xc8\v2.36\pic\sources\c90\common\xxtofl.c
		___xxtofl      		CODE           	1746	0000	186

C:\Program Files\Microchip\xc8\v2.36\pic\sources\c90\common\xxtofl.c estimated size: 186

C:\Program Files\Microchip\xc8\v2.36\pic\sources\c90\common\sprcadd.c
		___fladd       		CODE           	0D78	0000	648

C:\Program Files\Microchip\xc8\v2.36\pic\sources\c90\common\sprcadd.c estimated size: 648

C:\Program Files\Microchip\xc8\v2.36\pic\sources\c90\common\strcpy.c
		_strcpy        		CODE           	134D	0000	33

C:\Program Files\Microchip\xc8\v2.36\pic\sources\c90\common\strcpy.c estimated size: 33

main.c
		_main          		CODE           	041B	0000	961

main.c estimated size: 961

C:\Program Files\Microchip\xc8\v2.36\pic\sources\c90\common\flge.c
		___flge        		CODE           	0018	0000	162

C:\Program Files\Microchip\xc8\v2.36\pic\sources\c90\common\flge.c estimated size: 162

C:\Program Files\Microchip\xc8\v2.36\pic\sources\c90\common\log.c
		_log           		CODE           	0A4F	0000	332

C:\Program Files\Microchip\xc8\v2.36\pic\sources\c90\common\log.c estimated size: 332

C:\Program Files\Microchip\xc8\v2.36\pic\sources\c90\common\Umul8_16.c
		__Umul8_16     		CODE           	1395	0000	39

C:\Program Files\Microchip\xc8\v2.36\pic\sources\c90\common\Umul8_16.c estimated size: 39

LCD.c
		_LCD_String    		CODE           	131F	0000	23
		_LCD_Init      		CODE           	13BC	0000	42
		_LCD_Command   		CODE           	141A	0000	54
		_LCD_String_xy 		CODE           	136E	0000	39
		_LCD_Char      		CODE           	1450	0000	54
		_LCD_Clear     		CODE           	12FF	0000	16

LCD.c estimated size: 228

